org.jboss.shrinkwrap.resolver:shrinkwrap-resolver-maven-plugin-tests-dependency-tree-no-deps:jar:1.0.0
