org.jboss.shrinkwrap.resolver:shrinkwrap-resolver-maven-plugin-tests-dependency-tree-scoped:jar:1.0.0
+- junit:junit:jar:4.10 [test]
|  \- org.hamcrest:hamcrest-core:jar:1.1 [test]
\- org.hamcrest:hamcrest-core:jar:1.1 [test]
